{
    "caption": "EXIF_ExposureTime 0.jpg",
    "date": "2020-02-28 10:00:00",
    "height": 200,
    "shutter": "0",
    "width": 200
}