{
    "caption": "image090.gif",
    "date": "2020-02-28 11:01:30",
    "height": 100,
    "width": 100
}