{
    "caption": "4.PNG",
    "date": "2020-02-28 11:04:00",
    "height": 200,
    "width": 200
}