{
    "caption": "image007.gif",
    "date": "2020-02-28 11:00:07",
    "height": 100,
    "width": 100
}