{
    "caption": "image070.gif",
    "date": "2020-02-28 11:01:10",
    "height": 100,
    "width": 100
}