{
    "caption": "image056.gif",
    "date": "2020-02-28 11:00:56",
    "height": 100,
    "width": 100
}