{
    "caption": "MP4-ffmpeg.png",
    "date": "2020-04-09 18:01:00",
    "height": 100,
    "size": 3662,
    "width": 100
}