{
    "caption": "3.png",
    "date": "2020-02-28 11:03:00",
    "height": 200,
    "width": 200
}