{
    "caption": "6.webm",
    "date": "2020-02-28 11:06:00",
    "height": 240,
    "size": 6537,
    "width": 320
}