{
    "caption": "circles",
    "date": "2020-02-28 10:00:00",
    "height": 240,
    "width": 320
}