{
    "caption": "6.JPG",
    "date": "2020-02-28 11:06:00",
    "height": 200,
    "width": 200
}