{
    "caption": "image047.gif",
    "date": "2020-02-28 11:00:47",
    "height": 100,
    "width": 100
}