{
    "caption": "7.WEBM",
    "date": "2020-02-28 11:07:00",
    "height": 240,
    "size": 4728,
    "width": 320
}