{
    "caption": "0-subalbums",
    "items": {
        "31b25dcd13d534bf0cdfded660e862fa": {
            "caption": "image.png",
            "date": "2020-02-28 09:00:00"
        }
    }
}