{
    "caption": "6-c-iptc-exif.jpg",
    "copyright": "Test-IPTC",
    "date": "2020-02-28 10:06:00",
    "height": 200,
    "width": 200
}