{
    "caption": "image040.gif",
    "date": "2020-02-28 11:00:40",
    "height": 100,
    "width": 100
}