{
    "caption": "image028.gif",
    "date": "2020-02-28 11:00:28",
    "height": 100,
    "width": 100
}