{
    "caption": "image059.gif",
    "date": "2020-02-28 11:00:59",
    "height": 100,
    "width": 100
}