{
    "aperture": 2.7,
    "caption": "Samsung-GT-N8010.jpg",
    "date": "2020-02-26 17:10:38",
    "height": 1920,
    "iso": 320,
    "shutter": "1/8",
    "width": 2560
}