{
    "caption": "album A",
    "items": {
        "cfa052dc8fd8d9b9b41a2a773a92e331": {
            "caption": "image.png",
            "date": "2020-02-28 09:21:00"
        }
    }
}