{
    "caption": "image008.gif",
    "date": "2020-02-28 11:00:08",
    "height": 100,
    "width": 100
}