{
    "caption": "image083.gif",
    "date": "2020-02-28 11:01:23",
    "height": 100,
    "width": 100
}