{
    "caption": "PNG-transparent.png",
    "date": "2020-02-26 15:29:42",
    "height": 200,
    "width": 200
}