{
    "aperture": 2.8,
    "caption": "Canon-PowerShotG7XMarkII.JPG",
    "copyright": "Lenko Grigorov",
    "date": "2020-02-28 20:20:00",
    "height": 1600,
    "iso": 400,
    "shutter": "1/100",
    "width": 2400
}