{
    "caption": "image004.gif",
    "date": "2020-02-28 11:00:04",
    "height": 100,
    "width": 100
}