{
    "caption": "image098.gif",
    "date": "2020-02-28 11:01:38",
    "height": 100,
    "width": 100
}