{
    "caption": "2.GIF",
    "date": "2020-02-28 11:02:00",
    "height": 200,
    "width": 200
}