{
    "caption": "image023.gif",
    "date": "2020-02-28 11:00:23",
    "height": 100,
    "width": 100
}