{
    "caption": "image081.gif",
    "date": "2020-02-28 11:01:21",
    "height": 100,
    "width": 100
}