{
    "caption": "image073.gif",
    "date": "2020-02-28 11:01:13",
    "height": 100,
    "width": 100
}