{
    "caption": "zero",
    "date": "2000-02-28 10:00:00",
    "height": 200,
    "width": 200
}