{
    "caption": "image",
    "items": {
        "0c45bfbc3744b564216a680d3f6762b8": {
            "caption": "9.Jpeg",
            "date": "2020-02-28 11:09:00"
        },
        "27c171315721845a7c878535351c42eb": {
            "caption": "8.JPEG",
            "date": "2020-02-28 11:08:00"
        },
        "409e59f268763ebf6a3781bb7866e523": {
            "caption": "2.GIF",
            "date": "2020-02-28 11:02:00"
        },
        "439e292eb3b5806ad9f3670d5812bced": {
            "caption": "4.PNG",
            "date": "2020-02-28 11:04:00"
        },
        "5a220ab7e5e6193ac93b2ee865342ee1": {
            "caption": "1.gif",
            "date": "2020-02-28 11:01:00"
        },
        "aab52741c7c2b0cb615d83bb96357d9a": {
            "caption": "6.JPG",
            "date": "2020-02-28 11:06:00"
        },
        "b36c0a64a5b7dd495d5c4720d9cad31c": {
            "caption": "A.mp4.gif",
            "date": "2020-02-28 11:10:00"
        },
        "b6417b79053f4dfb07d117218780ddbc": {
            "caption": "5.jpg",
            "date": "2020-02-28 11:05:00"
        },
        "be1d397fb2debc856c908bc1a033c225": {
            "caption": "7.jpeg",
            "date": "2020-02-28 11:07:00"
        },
        "d00efa06654aac419f102e1e89d580d4": {
            "caption": "3.png",
            "date": "2020-02-28 11:03:00"
        }
    }
}