{
    "aperture": 2.8,
    "caption": "Alcatel-ONETOUCH6012A.jpg",
    "date": "2014-03-01 00:09:18",
    "height": 2560,
    "iso": 0,
    "width": 1440
}