{
    "caption": "pixel.jpg",
    "date": "2020-02-28 10:00:00",
    "height": 1,
    "width": 1
}