{
    "caption": "8.JPEG",
    "date": "2020-02-28 11:08:00",
    "height": 200,
    "width": 200
}