{
    "caption": "many",
    "items": {
        "05a0f0e43e5b1ca38ea2a6b9a7fc8286": {
            "caption": "image062.gif",
            "date": "2020-02-28 11:01:02"
        },
        "0830d827d6f56bdba89f9a160d13a4f9": {
            "caption": "image021.gif",
            "date": "2020-02-28 11:00:21"
        },
        "08da7cbe0982850025e51aeb6377fdc7": {
            "caption": "image036.gif",
            "date": "2020-02-28 11:00:36"
        },
        "0ac09b565fcdb229e36d4ac6b82f075d": {
            "caption": "image027.gif",
            "date": "2020-02-28 11:00:27"
        },
        "0cef09783de8106fc9a7f19043635663": {
            "caption": "image047.gif",
            "date": "2020-02-28 11:00:47"
        },
        "0efd375b21b1cca5c9041bad4b15a10f": {
            "caption": "image079.gif",
            "date": "2020-02-28 11:01:19"
        },
        "10228a8cb0c95d63e4795571ffb42c95": {
            "caption": "image060.gif",
            "date": "2020-02-28 11:01:00"
        },
        "1106bdfb364bdb6b83524fb83ca8880c": {
            "caption": "image024.gif",
            "date": "2020-02-28 11:00:24"
        },
        "126ebdd50302c60437a238cc1c24270c": {
            "caption": "image042.gif",
            "date": "2020-02-28 11:00:42"
        },
        "194f41c286c575a1936fa8c646943550": {
            "caption": "image034.gif",
            "date": "2020-02-28 11:00:34"
        },
        "1b1bd220fdfd2183108266845c7ad46b": {
            "caption": "image023.gif",
            "date": "2020-02-28 11:00:23"
        },
        "1b81b3e3ac7f285d70469b41b149fd6b": {
            "caption": "image072.gif",
            "date": "2020-02-28 11:01:12"
        },
        "1f2f223c4d139bfbf13528ce62605cc4": {
            "caption": "image013.gif",
            "date": "2020-02-28 11:00:13"
        },
        "20b8a0333574613714c3df474b4c315c": {
            "caption": "image081.gif",
            "date": "2020-02-28 11:01:21"
        },
        "21bb80051a26cd9ea780d81f9f71af18": {
            "caption": "image087.gif",
            "date": "2020-02-28 11:01:27"
        },
        "295d54cdb6a3e704df7e71494bb5a801": {
            "caption": "image057.gif",
            "date": "2020-02-28 11:00:57"
        },
        "298551bbbb88a9b6fe4cc6bd5681d1c3": {
            "caption": "image005.gif",
            "date": "2020-02-28 11:00:05"
        },
        "2a3cacdc219b81258a783fc5be24383f": {
            "caption": "image050.gif",
            "date": "2020-02-28 11:00:50"
        },
        "31c9e5a2d37ff8748cdeee1d9be5315e": {
            "caption": "image046.gif",
            "date": "2020-02-28 11:00:46"
        },
        "33d7915c7e5709c0b50052b8ca42db71": {
            "caption": "image092.gif",
            "date": "2020-02-28 11:01:32"
        },
        "34f4df438f7f0129fef04fee69f702fc": {
            "caption": "image093.gif",
            "date": "2020-02-28 11:01:33"
        },
        "3582057c26b7523307fd5561d08b8521": {
            "caption": "image061.gif",
            "date": "2020-02-28 11:01:01"
        },
        "373dab24c812831450a4b6edd4a6839b": {
            "caption": "image037.gif",
            "date": "2020-02-28 11:00:37"
        },
        "3767c53ee923866fad37be424f067e1d": {
            "caption": "image094.gif",
            "date": "2020-02-28 11:01:34"
        },
        "37a2bf205e1e76711bfb20c98268b3fc": {
            "caption": "image084.gif",
            "date": "2020-02-28 11:01:24"
        },
        "37efa8359e8b1a0e82889d5632823f76": {
            "caption": "image001.gif",
            "date": "2020-02-28 11:00:01"
        },
        "3d4d979ed29cf5003e68e30237907619": {
            "caption": "image096.gif",
            "date": "2020-02-28 11:01:36"
        },
        "3ed58999b1a18b61e5540801846e7b86": {
            "caption": "image091.gif",
            "date": "2020-02-28 11:01:31"
        },
        "4074b90aff86d5cd5149daac0780bc9e": {
            "caption": "image032.gif",
            "date": "2020-02-28 11:00:32"
        },
        "41c949fa0f212be8acf33a87c9557090": {
            "caption": "image071.gif",
            "date": "2020-02-28 11:01:11"
        },
        "423a86818841ad911f95c0cb61911789": {
            "caption": "image041.gif",
            "date": "2020-02-28 11:00:41"
        },
        "453ac6ed87c001a9829c02c8eee94590": {
            "caption": "image015.gif",
            "date": "2020-02-28 11:00:15"
        },
        "4595cb30e0c47a460c5cdb94e55ad859": {
            "caption": "image003.gif",
            "date": "2020-02-28 11:00:03"
        },
        "47902f36a3db41d8aa172ff7fd421a1a": {
            "caption": "image067.gif",
            "date": "2020-02-28 11:01:07"
        },
        "481947ca68bfcafc0efbab98738bc595": {
            "caption": "image068.gif",
            "date": "2020-02-28 11:01:08"
        },
        "4855eac6a087b7ad36d53bd0bf1ba3ba": {
            "caption": "image022.gif",
            "date": "2020-02-28 11:00:22"
        },
        "48e23084a609e4a86790df2d832a17c8": {
            "caption": "image026.gif",
            "date": "2020-02-28 11:00:26"
        },
        "4b31b35dcd512b512ac7e24e2a2fa98f": {
            "caption": "image078.gif",
            "date": "2020-02-28 11:01:18"
        },
        "4b84d4e72ba2ad6b595c9fbd7d8f9673": {
            "caption": "image064.gif",
            "date": "2020-02-28 11:01:04"
        },
        "53a787e8500d80a5bbf0888c7c0a41ac": {
            "caption": "image054.gif",
            "date": "2020-02-28 11:00:54"
        },
        "54463ae7b2f8b9a5efd040c56f8da5e8": {
            "caption": "image070.gif",
            "date": "2020-02-28 11:01:10"
        },
        "5a020dd2a4f7203fb303e338827a919a": {
            "caption": "image051.gif",
            "date": "2020-02-28 11:00:51"
        },
        "60c30f120d8e4d8229f1da6a13729067": {
            "caption": "image098.gif",
            "date": "2020-02-28 11:01:38"
        },
        "612690ba08fb5d1daad82b602b861488": {
            "caption": "image086.gif",
            "date": "2020-02-28 11:01:26"
        },
        "61b319d96690e4c08f809457879afca6": {
            "caption": "image083.gif",
            "date": "2020-02-28 11:01:23"
        },
        "62fcac76b707e1a7268de681d9d869ee": {
            "caption": "image038.gif",
            "date": "2020-02-28 11:00:38"
        },
        "6a5a657cc3ebcf1dca9be254838ef40e": {
            "caption": "image017.gif",
            "date": "2020-02-28 11:00:17"
        },
        "6b786f7e4c4a6f19aa130c769d385cc6": {
            "caption": "image010.gif",
            "date": "2020-02-28 11:00:10"
        },
        "6efcbe126bac6c78ec205471dde2fd1d": {
            "caption": "image058.gif",
            "date": "2020-02-28 11:00:58"
        },
        "6fbf4e6ef6211b13a42d273dbbc30170": {
            "caption": "image075.gif",
            "date": "2020-02-28 11:01:15"
        },
        "6fc5db8461a8dda964de2be2099d5617": {
            "caption": "image055.gif",
            "date": "2020-02-28 11:00:55"
        },
        "71f0e4658ea7e76ce16b8b6ef4b4e5e7": {
            "caption": "image014.gif",
            "date": "2020-02-28 11:00:14"
        },
        "728c49d0daaa1187ac6ab236c31d6084": {
            "caption": "image044.gif",
            "date": "2020-02-28 11:00:44"
        },
        "72b935ad95db73c095f7f0506c5fa52b": {
            "caption": "image018.gif",
            "date": "2020-02-28 11:00:18"
        },
        "75dfb0ef5718866e6fb007b03ca78112": {
            "caption": "image011.gif",
            "date": "2020-02-28 11:00:11"
        },
        "791258c9a6c4c2e03f5df44450c0597b": {
            "caption": "image090.gif",
            "date": "2020-02-28 11:01:30"
        },
        "7c92df140b48128e941fffbade1ec56c": {
            "caption": "image007.gif",
            "date": "2020-02-28 11:00:07"
        },
        "8cc41c4190efe8906d272c9f6bb02c45": {
            "caption": "image052.gif",
            "date": "2020-02-28 11:00:52"
        },
        "8e4fa051581119be2c0910f06163505e": {
            "caption": "image077.gif",
            "date": "2020-02-28 11:01:17"
        },
        "90ddab932d666f7ebc86d51027f55d01": {
            "caption": "image099.gif",
            "date": "2020-02-28 11:01:39"
        },
        "93a511e2ca861bf2cc6553a4dbe00ab7": {
            "caption": "image045.gif",
            "date": "2020-02-28 11:00:45"
        },
        "946cb60bd9d4fe6337e622f69340b84e": {
            "caption": "image073.gif",
            "date": "2020-02-28 11:01:13"
        },
        "96acd136f1b825195b6efd16f712d7bb": {
            "caption": "image043.gif",
            "date": "2020-02-28 11:00:43"
        },
        "979c3a4bca398be9db79752a3bbff86c": {
            "caption": "image030.gif",
            "date": "2020-02-28 11:00:30"
        },
        "98ae8a808c221c17a3dc05382f13b10b": {
            "caption": "image082.gif",
            "date": "2020-02-28 11:01:22"
        },
        "9b4fae8523c357bcde6de37184677792": {
            "caption": "image002.gif",
            "date": "2020-02-28 11:00:02"
        },
        "a01503a859ae166f003256666b783318": {
            "caption": "image019.gif",
            "date": "2020-02-28 11:00:19"
        },
        "a0f1f1563c32382819b629c127270ac0": {
            "caption": "image059.gif",
            "date": "2020-02-28 11:00:59"
        },
        "a185b109a9c05ac91c3f38e34b10cc1c": {
            "caption": "image035.gif",
            "date": "2020-02-28 11:00:35"
        },
        "a47da2105946b0dccc1e4ed4335d9f65": {
            "caption": "image039.gif",
            "date": "2020-02-28 11:00:39"
        },
        "aa96295a48f33a5dcb5346fa66a550d2": {
            "caption": "image048.gif",
            "date": "2020-02-28 11:00:48"
        },
        "ac09b600b7365ae6231d45e7fa55ceb7": {
            "caption": "image025.gif",
            "date": "2020-02-28 11:00:25"
        },
        "ad71e506612bcfab1a96c5abb0b98507": {
            "caption": "image000.gif",
            "date": "2020-02-28 11:00:00"
        },
        "ad7baa621aaf3bda851284d5244b70a1": {
            "caption": "image016.gif",
            "date": "2020-02-28 11:00:16"
        },
        "b39fbe1cb193989e255b6d4bc1ef1db2": {
            "caption": "image040.gif",
            "date": "2020-02-28 11:00:40"
        },
        "b6b88230a7fab46d200279658e86e30a": {
            "caption": "image012.gif",
            "date": "2020-02-28 11:00:12"
        },
        "b87e51f4333f9d83bb2deccb3450018f": {
            "caption": "image095.gif",
            "date": "2020-02-28 11:01:35"
        },
        "b96a8d2f2498942e5e00203cc5d7e4a4": {
            "caption": "image029.gif",
            "date": "2020-02-28 11:00:29"
        },
        "ba682f0dfd99eab0f4c7bf36cfdc77b4": {
            "caption": "image066.gif",
            "date": "2020-02-28 11:01:06"
        },
        "bb6b4e4f5139675944595bde19ba523e": {
            "caption": "image031.gif",
            "date": "2020-02-28 11:00:31"
        },
        "bb87176431303945b4533bfdba91e301": {
            "caption": "image065.gif",
            "date": "2020-02-28 11:01:05"
        },
        "bedcc7fa1860b1995276154a897b47b5": {
            "caption": "image033.gif",
            "date": "2020-02-28 11:00:33"
        },
        "c1db5bce4d5a1808817fab34dfa37cc9": {
            "caption": "image088.gif",
            "date": "2020-02-28 11:01:28"
        },
        "c2845508e2e0e9eb21775ba30e738293": {
            "caption": "image056.gif",
            "date": "2020-02-28 11:00:56"
        },
        "c2bb54e44f99c658490cebbac645fd54": {
            "caption": "image049.gif",
            "date": "2020-02-28 11:00:49"
        },
        "c4abc8672e7e9b0a0ca4e817c122e828": {
            "caption": "image080.gif",
            "date": "2020-02-28 11:01:20"
        },
        "ced27167d0c0630d3d8af76651b753ce": {
            "caption": "image085.gif",
            "date": "2020-02-28 11:01:25"
        },
        "d3d8416b08e69b9e9fb341fd25838416": {
            "caption": "image053.gif",
            "date": "2020-02-28 11:00:53"
        },
        "d48f73491fce22843b6f0d1bef96af57": {
            "caption": "image009.gif",
            "date": "2020-02-28 11:00:09"
        },
        "d551e5ed08d10f592bee468619cfeb5e": {
            "caption": "image076.gif",
            "date": "2020-02-28 11:01:16"
        },
        "d65872bf803817f1136d97480a54c266": {
            "caption": "image097.gif",
            "date": "2020-02-28 11:01:37"
        },
        "d7693cc969c43c4c400ea97a2ffce6b2": {
            "caption": "image028.gif",
            "date": "2020-02-28 11:00:28"
        },
        "e6f22ac67ed5533e59f19811517241f6": {
            "caption": "image004.gif",
            "date": "2020-02-28 11:00:04"
        },
        "e7222bea876c8288f5bc1c2c239b422d": {
            "caption": "image008.gif",
            "date": "2020-02-28 11:00:08"
        },
        "e85ecd25722841e2a6902a06e7b98b00": {
            "caption": "image089.gif",
            "date": "2020-02-28 11:01:29"
        },
        "f0c66bce0883ed880dbbf3f3fa312560": {
            "caption": "image006.gif",
            "date": "2020-02-28 11:00:06"
        },
        "f45b64aa50337ee80cb8ed5d1e1fc5f9": {
            "caption": "image074.gif",
            "date": "2020-02-28 11:01:14"
        },
        "f824840ab9dbd9925c385b9b5420f259": {
            "caption": "image020.gif",
            "date": "2020-02-28 11:00:20"
        },
        "fce6d7e9f37ef1d8c77d4117aca8a187": {
            "caption": "image069.gif",
            "date": "2020-02-28 11:01:09"
        },
        "fecf70663743a85416f25c22fae482bd": {
            "caption": "image063.gif",
            "date": "2020-02-28 11:01:03"
        }
    }
}