{
    "caption": "album",
    "items": {
        "d75f1b4215b7170a3942254fc450b0da": {
            "caption": "image.png",
            "date": "2020-02-28 09:10:00"
        }
    }
}