{
    "aperture": 2.5,
    "caption": "EXIF_Orientation 0.jpg",
    "copyright": "Lenko Grigorov",
    "date": "2020-02-26 11:02:21",
    "height": 456,
    "iso": 320,
    "shutter": "1/50",
    "width": 684
}