{
    "caption": "image019.gif",
    "date": "2020-02-28 11:00:19",
    "height": 100,
    "width": 100
}