{
    "caption": "7.jpeg",
    "date": "2020-02-28 11:07:00",
    "height": 200,
    "width": 200
}