{
    "caption": "GIF-small-transparent.gif",
    "date": "2020-02-26 15:21:21",
    "height": 100,
    "width": 100
}