{
    "caption": "v3.gif",
    "date": "2020-02-28 11:13:00",
    "height": 240,
    "width": 320
}