{
    "caption": "sources",
    "items": {
        "0a1e6676af7d56aa9606fa4b3c23abed": {
            "caption": "Canon-PowerShotG7XMarkII.JPG",
            "date": "2020-02-28 20:20:00"
        },
        "0e90aac6da593a4bbc798c3c79316b36": {
            "caption": "MP4-ffmpeg.png",
            "date": "2020-04-09 18:01:00"
        },
        "1d6349e444ad7324e3535093ab39d47f": {
            "caption": "Samsung-GT-N8010.jpg",
            "date": "2020-02-26 17:10:38"
        },
        "887c4d3160ba9bb6b9d26454b63af78c": {
            "caption": "Xiaomi-Redmi4X.jpg",
            "date": "2020-02-26 17:20:40"
        },
        "9de139d0c5ee428202670a54c0db8ccf": {
            "caption": "Nikon-D7000.JPG",
            "date": "2020-02-28 20:14:45"
        },
        "ae8b989f573e7cc7770910bbec8c14e3": {
            "caption": "PNG-transparent.png",
            "date": "2020-02-26 15:29:42"
        },
        "bfa09d7f5920f10e1a011a5849e839cf": {
            "caption": "MP4-ffmpeg.png",
            "date": "2020-04-09 18:01:00"
        },
        "c094c2bb05647dc9ac1eda90ce31d9db": {
            "caption": "GIF-small-transparent.gif",
            "date": "2020-02-26 15:21:21"
        },
        "f1e340e100d881bc8f58b01f533ca310": {
            "caption": "GIF-animated.gif",
            "date": "2020-02-26 14:56:07"
        },
        "fb08965f87d1bd10844e95e6c76b2f18": {
            "caption": "Alcatel-ONETOUCH6012A.jpg",
            "date": "2014-03-01 00:09:18"
        }
    }
}