{
    "caption": "9 IPTC",
    "date": "2020-02-28 10:09:00",
    "height": 200,
    "width": 200
}