{
    "aperture": 5.6,
    "caption": "Nikon-D7000.JPG",
    "date": "2020-02-28 20:14:45",
    "height": 1632,
    "iso": 400,
    "shutter": "1/20",
    "width": 2464,
    "zoom": 300
}