{
    "caption": "Албум-像片簿-ألبوم الصور-📷",
    "items": {
        "77483186285b77ac7130fa304622e128": {
            "caption": "📷-روصلا موبلأ-簿片像-мублА.png",
            "date": "2020-02-28 10:00:00"
        },
        "f101abbb6b15430e30210e1a7e660b35": {
            "caption": "Албум-像片簿-ألبوم الصور-📷.png",
            "date": "2020-02-28 10:00:00"
        }
    }
}