{
    "caption": "1-no-meta.jpg",
    "date": "2020-02-28 10:01:00",
    "height": 200,
    "width": 200
}